// Jest Snapshot v1, https://goo.gl/fbAQLP

exports[`<App /> 1`] = `
<DocumentFragment>
  <div>
    <div
      class="row"
    >
      <div
        class="col-md-12"
      >
        <br />
        <div
          class="input-group"
        >
          <input
            class="form-control"
            data-testid="input-data"
            placeholder="Enter new todo"
            value=""
          />
          <div
            class="input-group-append"
          >
            <button
              class="btn btn-primary"
              data-testid="btn-add"
            >
              Add
            </button>
          </div>
        </div>
      </div>
    </div>
    <div>
      Loading
    </div>
  </div>
</DocumentFragment>
`;
